('../../wacc_examples/valid/IO/print/hashInProgram.wacc', [u'We can print the hash character: #', u'We can also print # when its in a string.'], u'0')
('../../wacc_examples/valid/IO/print/multipleStringsAssignment.wacc', [u's1 is Hi', u's2 is Hi', u'They are not the same.', u"Now modify s1[0] = 'h'", u's1 is hi', u's2 is Hi', u'They are not the same.'], u'0')
('../../wacc_examples/valid/IO/print/print.wacc', [u'Hello World!'], u'0')
('../../wacc_examples/valid/IO/print/printBool.wacc', [u'True is true', u'False is false'], u'0')
('../../wacc_examples/valid/IO/print/printChar.wacc', [u'A simple character example is f'], u'0')
('../../wacc_examples/valid/IO/print/printEscChar.wacc', [u'An escaped character example is "'], u'0')
('../../wacc_examples/valid/IO/print/printInt.wacc', [u'An example integer is 189'], u'0')
('../../wacc_examples/valid/IO/print/println.wacc', [u'Hello World!'], u'0')
('../../wacc_examples/valid/IO/print/stringAssignmentWithPrint.wacc', [u'foo', u'bar'], u'0')
